// Jest Snapshot v1, https://goo.gl/fbAQLP

exports[`should render Details components properly  1`] = `
<div
  className="main__wrapper"
  data-testid="search-pets-id"
>
  <div
    className="search__form__wrapper"
  >
    <form
      className="search__form__wrapper-form"
      data-testid="search-pets-form"
      onSubmit={[Function]}
    >
      <div
        className="search__form__wrapper-form-box"
      >
        <label
          htmlFor="id-1"
        >
          Animal
          <select
            onChange={[Function]}
            value="All"
          >
            <option>
              Select
            </option>
            <option
              value="barnyard"
            >
              Barnyard
            </option>
            <option
              value="bird"
            >
              Bird
            </option>
            <option
              value="cat"
            >
              Cat
            </option>
            <option
              value="dog"
            >
              Dog
            </option>
            <option
              value="horse"
            >
              Horse
            </option>
            <option
              value="rabbit"
            >
              Rabbit
            </option>
            <option
              value="scales-fins-other"
            >
              Scales-fins-other
            </option>
            <option
              value="small-furry"
            >
              Small-furry
            </option>
          </select>
        </label>
        <label
          htmlFor="id-2"
        >
          Size
          <select
            onChange={[Function]}
            value="All"
          >
            <option>
              Select
            </option>
            <option
              value="Small"
            >
              Small
            </option>
            <option
              value="Medium"
            >
              Medium
            </option>
            <option
              value="Large"
            >
              Large
            </option>
          </select>
        </label>
        <label
          htmlFor="id-3"
        >
          Gender
          <select
            onChange={[Function]}
            value="All"
          >
            <option>
              Select
            </option>
            <option
              value="Male"
            >
              Male
            </option>
            <option
              value="Female"
            >
              Female
            </option>
          </select>
        </label>
      </div>
      <button
        type="submit"
      >
        Search Pet
      </button>
    </form>
  </div>
  <div
    className="pets__wrapper"
    data-testid="pets-list-id"
  >
    <h1
      className="loading__wrapper"
    >
      No pets Found
    </h1>
  </div>
</div>
`;
